../Core/Src/main.c:110:6:UART1_ProcessByte	16	static
../Core/Src/main.c:174:6:ProcessMotorPacket	4	static
../Core/Src/main.c:201:6:CalculateMotorMotion	48	static
../Core/Src/main.c:263:6:SetMotorDirections	16	static
../Core/Src/main.c:292:6:StartMotorMove	8	static
../Core/Src/main.c:377:6:SetMotorFrequency	48	static
../Core/Src/main.c:425:6:HAL_TIM_PeriodElapsedCallback	16	static
../Core/Src/main.c:486:5:main	48	static
../Core/Src/main.c:582:6:SystemClock_Config	120	static
../Core/Src/main.c:640:6:MPU_Config	24	static
../Core/Src/main.c:670:6:Error_Handler	4	static,ignoring_inline_asm
